---------appTest/req1_defaultInput(with_bad_file).test----------
			<= command =>
node tail.js badFile.txt

			<= actual output =>
tail: badFile.txt: No such file or directory
			<= expected output =>
tail: badFile.txt: No such file or directory
